[oneauto-salvage.com/index.html]
[backblue.gif]
[fade.gif]
[index.html]
[oneauto-salvage.com/favicon.png]
[oneauto-salvage.com/assets/view/css/bootstrap.min.css]
[oneauto-salvage.com/assets/view/css/animate.min.css]
[maxcdn.bootstrapcdn.com/font-awesome/4.7.0/css/font-awesome.min.css]
[cdn.jsdelivr.net/npm/daterangepicker/daterangepicker.css]
[oneauto-salvage.com/assets/view/css/style8e0e.css]
[oneauto-salvage.com/assets/view/css/responsive.css]
[code.jquery.com/jquery-3.6.0.min.js]
[oneauto-salvage.com/assets/view/images/choose-us-new.png]
[oneauto-salvage.com/images/logo-light.9.delayed]
[oneauto-salvage.com/assets/view/images/bar-icon.svg]
[oneauto-salvage.com/assets/view/images/close.svg]
[oneauto-salvage.com/assets/view/images/mail-icon.png]
[oneauto-salvage.com/assets/view/images/call-icon.png]
[oneauto-salvage.com/OAS-LOGO.png]
[oneauto-salvage.com/about-us.html]
[oneauto-salvage.com/shipping-policy.html]
[oneauto-salvage.com/warranty-policy.html]
[oneauto-salvage.com/return-policy.html]
[oneauto-salvage.com/contact-us.html]
[oneauto-salvage.com/assets/view/images/part.png]
[oneauto-salvage.com/assets/view/images/brand.svg]
[oneauto-salvage.com/assets/view/images/car.svg]
[oneauto-salvage.com/assets/view/images/calendar.svg]
[oneauto-salvage.com/assets/view/images/variant.png]
[oneauto-salvage.com/assets/view/images/user.png]
[oneauto-salvage.com/assets/view/images/emailh.svg]
[oneauto-salvage.com/assets/view/images/call.png]
[oneauto-salvage.com/assets/view/images/free-delivery.png]
[oneauto-salvage.com/assets/view/images/after-sale-support.svg]
[oneauto-salvage.com/assets/view/images/next-arrow.svg]
[oneauto-salvage.com/assets/view/images/feature.svg]
[oneauto-salvage.com/assets/view/images/warranty.svg]
[oneauto-salvage.com/assets/view/images/fast.png]
[oneauto-salvage.com/assets/view/images/money-back-guarantee.svg]
[oneauto-salvage.com/assets/view/images/used-img.png]
[oneauto-salvage.com/assets/view/images/USA.png]
[oneauto-salvage.com/assets/view/images/engine-for-sale.png]
[oneauto-salvage.com/assets/view/images/used-transmission.png]
[oneauto-salvage.com/assets/view/images/Affordable.png]
[oneauto-salvage.com/assets/view/images/product-warranty.png]
[oneauto-salvage.com/assets/view/images/hassle-free-shopping.png]
[oneauto-salvage.com/assets/view/images/quality-assurance.png]
[oneauto-salvage.com/assets/view/images/our-process-img.png]
[oneauto-salvage.com/assets/view/images/quote-request.svg]
[oneauto-salvage.com/assets/view/images/sales-assistance.svg]
[oneauto-salvage.com/assets/view/images/shipped-blue.svg]
[oneauto-salvage.com/assets/view/images/installation.svg]
[oneauto-salvage.com/assets/view/images/consultation-call.png]
[oneauto-salvage.com/assets/view/images/b/1.png]
[oneauto-salvage.com/assets/view/images/b/2.png]
[oneauto-salvage.com/assets/view/images/b/3.png]
[oneauto-salvage.com/assets/view/images/b/4.png]
[oneauto-salvage.com/assets/view/images/b/5.png]
[oneauto-salvage.com/assets/view/images/b/6.png]
[oneauto-salvage.com/assets/view/images/b/7.png]
[oneauto-salvage.com/assets/view/images/b/8.png]
[oneauto-salvage.com/assets/view/images/b/9.png]
[oneauto-salvage.com/assets/view/images/b/10.png]
[oneauto-salvage.com/assets/view/images/b/11.png]
[oneauto-salvage.com/assets/view/images/b/12.png]
[oneauto-salvage.com/assets/view/images/b/13.png]
[oneauto-salvage.com/assets/view/images/b/14.png]
[oneauto-salvage.com/assets/view/images/b/15.png]
[oneauto-salvage.com/assets/view/images/b/16.png]
[oneauto-salvage.com/assets/view/images/b/17.png]
[oneauto-salvage.com/assets/view/images/b/18.png]
[oneauto-salvage.com/assets/view/images/b/19.png]
[oneauto-salvage.com/assets/view/images/b/20.png]
[oneauto-salvage.com/assets/view/images/b/21.png]
[oneauto-salvage.com/assets/view/images/b/22.png]
[oneauto-salvage.com/assets/view/images/b/23.png]
[oneauto-salvage.com/assets/view/images/b/24.png]
[oneauto-salvage.com/assets/view/images/b/25.png]
[oneauto-salvage.com/assets/view/images/b/26.png]
[oneauto-salvage.com/assets/view/images/b/27.png]
[oneauto-salvage.com/assets/view/images/b/chevy.png]
[oneauto-salvage.com/assets/view/images/b/Buick-logo.png]
[oneauto-salvage.com/assets/view/images/b/dodge.png]
[oneauto-salvage.com/assets/view/images/b/jeep.png]
[oneauto-salvage.com/assets/view/images/b/ford.png]
[oneauto-salvage.com/assets/view/images/b/gmc.png]
[oneauto-salvage.com/assets/view/images/b/hummer.png]
[oneauto-salvage.com/assets/view/images/facebook.svg]
[oneauto-salvage.com/assets/view/images/tweeter.svg]
[oneauto-salvage.com/assets/view/images/instagram.svg]
[oneauto-salvage.com/privacy-policy.html]
[oneauto-salvage.com/terms-and-conditions.html]
[oneauto-salvage.com/assets/view/images/call.svg]
[oneauto-salvage.com/assets/view/images/email.svg]
[oneauto-salvage.com/assets/view/images/location.svg]
[oneauto-salvage.com/assets/view/js/part.js]
[oneauto-salvage.com/index.html]
[oneauto-salvage.com/assets/view/css/bootstrap.min.css]
[oneauto-salvage.com/assets/view/css/animate.min.css]
[maxcdn.bootstrapcdn.com/font-awesome/4.7.0/css/font-awesome.min.css]
[cdn.jsdelivr.net/npm/daterangepicker/daterangepicker.css]
[oneauto-salvage.com/assets/images/icons/down.svg]
[oneauto-salvage.com/assets/images/car-parts-repair-garage.jpg]
[oneauto-salvage.com/assets/images/choose-us.jpg]
[oneauto-salvage.com/assets/images/icons/down-icon.png]
[oneauto-salvage.com/assets/view/images/plus.png]
[oneauto-salvage.com/assets/images/minus.png]
[oneauto-salvage.com/assets/images/arrow-black-left.png]
[oneauto-salvage.com/assets/images/arrow-black-right.png]
[oneauto-salvage.com/assets/images/buying-bg.jpg]
[oneauto-salvage.com/assets/images/icons/left.svg]
[oneauto-salvage.com/assets/images/icons/right.svg]
[oneauto-salvage.com/assets/images/blue-left.svg]
[oneauto-salvage.com/assets/images/blue-right.svg]
[oneauto-salvage.com/assets/images/call-banner.png]
[oneauto-salvage.com/assets/images/certified-1.svg]
[oneauto-salvage.com/assets/images/free-deli.svg]
[oneauto-salvage.com/assets/images/100-ass.svg]
[oneauto-salvage.com/assets/images/largest-inven.svg]
[oneauto-salvage.com/assets/view/css/style8e0e.css]
[oneauto-salvage.com/assets/view/css/responsive.css]
[oneauto-salvage.com/images/logo-light.html]
[oneauto-salvage.com/assets/view/images/bar-icon.svg]
[oneauto-salvage.com/assets/view/images/close.svg]
[oneauto-salvage.com/about-us.html]
[oneauto-salvage.com/shipping-policy.html]
[oneauto-salvage.com/warranty-policy.html]
[oneauto-salvage.com/return-policy.html]
[oneauto-salvage.com/contact-us.html]
[oneauto-salvage.com/assets/view/images/brand.svg]
[oneauto-salvage.com/assets/view/images/car.svg]
[oneauto-salvage.com/assets/view/images/calendar.svg]
[oneauto-salvage.com/assets/view/images/emailh.svg]
[oneauto-salvage.com/assets/view/images/after-sale-support.svg]
[oneauto-salvage.com/assets/view/images/next-arrow.svg]
[oneauto-salvage.com/assets/view/images/feature.svg]
[oneauto-salvage.com/assets/view/images/warranty.svg]
[oneauto-salvage.com/assets/view/images/money-back-guarantee.svg]
[oneauto-salvage.com/assets/view/images/quote-request.svg]
[oneauto-salvage.com/assets/view/images/sales-assistance.svg]
[oneauto-salvage.com/assets/view/images/shipped-blue.svg]
[oneauto-salvage.com/assets/view/images/installation.svg]
[oneauto-salvage.com/assets/view/images/facebook.svg]
[oneauto-salvage.com/assets/view/images/tweeter.svg]
[oneauto-salvage.com/assets/view/images/instagram.svg]
[oneauto-salvage.com/privacy-policy.html]
[oneauto-salvage.com/terms-and-conditions.html]
[oneauto-salvage.com/assets/view/images/call.svg]
[oneauto-salvage.com/assets/view/images/email.svg]
[oneauto-salvage.com/assets/view/images/location.svg]
[oneauto-salvage.com/assets/images/icons/down.html]
[oneauto-salvage.com/assets/images/car-parts-repair-garage.html]
[oneauto-salvage.com/assets/images/choose-us.html]
[oneauto-salvage.com/assets/images/icons/down-icon.html]
[oneauto-salvage.com/assets/images/minus.html]
[oneauto-salvage.com/assets/images/arrow-black-left.html]
[oneauto-salvage.com/assets/images/arrow-black-right.html]
[oneauto-salvage.com/assets/images/buying-bg.html]
[oneauto-salvage.com/assets/images/icons/left.html]
[oneauto-salvage.com/assets/images/icons/right.html]
[oneauto-salvage.com/assets/images/blue-left.html]
[oneauto-salvage.com/assets/images/blue-right.html]
[oneauto-salvage.com/assets/images/call-banner.html]
[oneauto-salvage.com/assets/images/certified-1.html]
[oneauto-salvage.com/assets/images/free-deli.html]
[oneauto-salvage.com/assets/images/100-ass.html]
[oneauto-salvage.com/assets/images/largest-inven.html]
